C51 COMPILER V9.60.7.0   LCD                                                               06/06/2024 04:16:25 PAGE 1   


C51 COMPILER V9.60.7.0, COMPILATION OF MODULE LCD
OBJECT MODULE PLACED IN .\Objects\lcd.obj
COMPILER INVOKED BY: C:\Keil_v5\C51\BIN\C51.exe lcd.c OPTIMIZE(8,SPEED) BROWSE DEBUG OBJECTEXTEND PRINT(.\Listings\lcd.l
                    -st) TABS(2) OBJECT(.\Objects\lcd.obj)

line level    source

   1          # include<reg51.h>
   2          
   3          #include<stdio.h>
   4          
   5          
   6          #define lcdport P1  //lcd connection
   7          
   8          //LED connections assignment
   9          sbit L1 = P0^3;
  10          sbit L2 = P2^6;
  11          sbit L3 = P2^7;
  12          
  13          // LCD connection
  14          sbit rs=P2^0;
  15          sbit en=P2^1;
  16          
  17          //ADC connections
  18           sbit SC = P2^2;
  19           sbit ALE = P2^3;
  20           sbit OE = P2^4;
  21           sbit EOC = P2^5; 
  22           
  23          //Declaring the input selection pin
  24           sbit ADDR_A = P1^0;
  25           sbit ADDR_B = P1^1;
  26           sbit ADDR_C = P1^2;
  27          
  28          unsigned int result[3];
  29          unsigned char number;
  30          unsigned int MyData = 20;
  31          
  32          void delay(unsigned int t)////Function for setting 1ms delay
  33          {
  34   1        unsigned int i,j;
  35   1        for(i=0;i<t;i++)
  36   1        for(j=0;j<1275;j++);
  37   1      }
  38          
  39          
  40          void daten()
  41          
  42          {
  43   1      
  44   1          rs=1;
  45   1      
  46   1          //rw=0;
  47   1      
  48   1          en=1;
  49   1      
  50   1          delay(1);
  51   1      
  52   1          en=0;
  53   1      
  54   1      }
C51 COMPILER V9.60.7.0   LCD                                                               06/06/2024 04:16:25 PAGE 2   

  55          
  56          
  57          void lcd_data(unsigned char ch)
  58          
  59          {
  60   1      
  61   1          lcdport=ch & 0xF0;
  62   1      
  63   1          daten();
  64   1      
  65   1          lcdport=ch<<4 & 0xF0;
  66   1      
  67   1          daten();
  68   1      
  69   1      }
  70          
  71          
  72          
  73          void cmden(void)
  74          
  75          {
  76   1      
  77   1          rs=0;
  78   1      
  79   1          en=1;
  80   1      
  81   1          delay(1);
  82   1      
  83   1          en=0;
  84   1      
  85   1      }
  86          
  87          
  88          void lcdcmd(unsigned char ch)
  89          
  90          {
  91   1      
  92   1      
  93   1          lcdport=ch & 0xf0;
  94   1      
  95   1          cmden();
  96   1      
  97   1          lcdport=ch<<4 & 0xF0;
  98   1      
  99   1          cmden();
 100   1      
 101   1      }
 102          
 103          
 104          
 105          lcdprint(unsigned char *str)  //Function to send string data to LCD.
 106          
 107          {
 108   1      
 109   1          while(*str)
 110   1      
 111   1          {
 112   2      
 113   2              lcd_data(*str);
 114   2      
 115   2              str++;
 116   2      
C51 COMPILER V9.60.7.0   LCD                                                               06/06/2024 04:16:25 PAGE 3   

 117   2          }
 118   1      
 119   1      }
 120          
 121          
 122          void lcd_ini()  //Function to inisialize the LCD
 123          
 124          {
 125   1      
 126   1          lcdcmd(0x02);
 127   1      
 128   1          lcdcmd(0x28);
 129   1      
 130   1          lcdcmd(0x0e);
 131   1      
 132   1          lcdcmd(0x01);
 133   1      
 134   1      }
 135          
 136          
 137          void show()
 138          
 139          { 
 140   1      
 141   1         sprintf(result,"%d",number);
*** WARNING C182 IN LINE 141 OF lcd.c: pointer to different objects
 142   1      
 143   1         lcdprint(result);
*** WARNING C182 IN LINE 143 OF lcd.c: pointer to different objects
 144   1      
 145   1         lcdprint("  ");
 146   1      
 147   1      }
 148          
 149          
 150          
 151          
 152          void main()
 153          
 154          {
 155   1      //P2 = 0x00;
 156   1       int i=0;
 157   1        unsigned char ADC_Value = 0;
 158   1        P2 = 0xFF; 
 159   1        EOC = 1;
 160   1        ALE = 0;
 161   1        OE = 0;
 162   1        SC = 0;
 163   1        
 164   1      
 165   1      lcd_ini();
 166   1      
 167   1      lcdprint(" ADC 0808/0809  ");
 168   1      
 169   1      lcdcmd(192);
 170   1      
 171   1      lcdprint("  Interfacing   ");
 172   1      
 173   1      //delay(500);
 174   1      
 175   1      //lcdcmd(1);
 176   1      
C51 COMPILER V9.60.7.0   LCD                                                               06/06/2024 04:16:25 PAGE 4   

 177   1      //lcdprint("Ch1   Ch2   Ch3 ");
 178   1      
 179   1      
 180   1      while(1)
 181   1      
 182   1      {
 183   2      
 184   2        
 185   2        delay(200);
 186   2            lcdcmd(0x01); //Clear display screen
 187   2            lcdcmd(0x80); //Force cursor to the beginning ( 1st line)
 188   2            lcdprint("CLASS STRENGTH");//Sending String to LCD
 189   2            lcdcmd(0xc0); //Force cursor to the beginning ( 2nd line)
 190   2            
 191   2            lcd_data((MyData/ 10) + 48);//seperating the first digit of MyData
 192   2            lcd_data((MyData% 10) + 48);//seperating the first digit of MyData
 193   2            
 194   2            //sprintf(result,"%03d",number);
 195   2            //lcdprint(result);
 196   2            //lcdprint(" STUDENTS"); //Sending String to LCD
 197   2      
 198   2      }
 199   1      
 200   1      }
*** WARNING C290 IN LINE 119 OF lcd.c: missing return value


MODULE INFORMATION:   STATIC OVERLAYABLE
   CODE SIZE        =    299    ----
   CONSTANT SIZE    =     55    ----
   XDATA SIZE       =   ----    ----
   PDATA SIZE       =   ----    ----
   DATA SIZE        =      9       6
   IDATA SIZE       =   ----    ----
   BIT SIZE         =   ----    ----
END OF MODULE INFORMATION.


C51 COMPILATION COMPLETE.  3 WARNING(S),  0 ERROR(S)
